 CDR32

 Timestamp is 3608f83f (Wed Sep 23 14:31:43 1998)

 Preferred load address is 10000000

 Start         Length     Name                   Class
 0001:00000000 00006636H .text                   CODE
 0002:00000000 0000053bH .rdata                  DATA
 0002:00000540 000001b1H .edata                  DATA
 0003:00000000 00000104H .CRT$XCA                DATA
 0003:00000104 00000104H .CRT$XCZ                DATA
 0003:00000208 00000104H .CRT$XIA                DATA
 0003:0000030c 00000104H .CRT$XIC                DATA
 0003:00000410 00000104H .CRT$XIZ                DATA
 0003:00000514 00000104H .CRT$XPA                DATA
 0003:00000618 00000104H .CRT$XPX                DATA
 0003:0000071c 00000104H .CRT$XPZ                DATA
 0003:00000820 00000104H .CRT$XTA                DATA
 0003:00000924 00000104H .CRT$XTZ                DATA
 0003:00000a30 0000308cH .data                   DATA
 0003:00003ac0 0000190cH .bss                    DATA
 0004:00000000 00000028H .idata$2                DATA
 0004:00000028 00000028H .idata$3                DATA
 0004:00000050 00000120H .idata$4                DATA
 0004:00000170 00000120H .idata$5                DATA
 0004:00000290 00000501H .idata$6                DATA
 0005:00000000 00000169H .rsrc$01                DATA
 0005:00000170 00000593H .rsrc$02                DATA

  Address         Publics by Value              Rva+Base     Lib:Object

 0001:00000040       _DllMain@12                10001040 f   cdr32.obj
 0001:00000090       _InitCDFS@0                10001090 f   cdr32exp.obj
 0001:0000009a       _ExitCDFS@0                1000109a f   cdr32exp.obj
 0001:000000a4       _SeekToLocation@8          100010a4 f   cdr32exp.obj
 0001:000000c4       _thk_ThunkConnect32@16     100010c4     32thk.obj
 0001:000000ed       _InitCDFS16@0              100010ed     32thk.obj
 0001:000000ef       _IIInitCDFS16@0            100010ef f   32thk.obj
 0001:000000fe       _ExitCDFS16@0              100010fe     32thk.obj
 0001:00000100       _IIExitCDFS16@0            10001100     32thk.obj
 0001:0000010f       _SeekToLocation16@8        1000110f     32thk.obj
 0001:00000111       _IISeekToLocation16@8      10001111     32thk.obj
 0001:00000150       __CRT_INIT@12              10001150 f   libcmt:dllcrt0.obj
 0001:00000270       __DllMainCRTStartup@12     10001270 f   libcmt:dllcrt0.obj
 0001:00000320       __amsg_exit                10001320 f   libcmt:dllcrt0.obj
 0001:00000360       __cinit                    10001360 f   libcmt:crt0dat.obj
 0001:00000390       _exit                      10001390 f   libcmt:crt0dat.obj
 0001:000003b0       __exit                     100013b0 f   libcmt:crt0dat.obj
 0001:000003d0       __cexit                    100013d0 f   libcmt:crt0dat.obj
 0001:000003e0       __c_exit                   100013e0 f   libcmt:crt0dat.obj
 0001:000004b0       __lockexit                 100014b0 f   libcmt:crt0dat.obj
 0001:000004c0       __unlockexit               100014c0 f   libcmt:crt0dat.obj
 0001:000004f0       __mtinit                   100014f0 f   libcmt:tidtable.obj
 0001:00000550       __mtterm                   10001550 f   libcmt:tidtable.obj
 0001:00000580       __initptd                  10001580 f   libcmt:tidtable.obj
 0001:000005a0       __getptd                   100015a0 f   libcmt:tidtable.obj
 0001:00000620       __freeptd                  10001620 f   libcmt:tidtable.obj
 0001:000006d0       ___threadid                100016d0 f   libcmt:tidtable.obj
 0001:000006e0       ___threadhandle            100016e0 f   libcmt:tidtable.obj
 0001:000006f0       __ioinit                   100016f0 f   libcmt:ioinit.obj
 0001:00000900       __ioterm                   10001900 f   libcmt:ioinit.obj
 0001:00000960       __setenvp                  10001960 f   libcmt:stdenvp.obj
 0001:00000a50       __setargv                  10001a50 f   libcmt:stdargv.obj
 0001:00000d00       __setmbcp                  10001d00 f   libcmt:mbctype.obj
 0001:00001200       __getmbcp                  10002200 f   libcmt:mbctype.obj
 0001:00001220       ___initmbctable            10002220 f   libcmt:mbctype.obj
 0001:00001230       ___crtGetEnvironmentStringsW 10002230 f   libcmt:aw_env.obj
 0001:00001430       ___crtGetEnvironmentStringsA 10002430 f   libcmt:aw_env.obj
 0001:00001590       __heap_init                10002590 f   libcmt:heapinit.obj
 0001:000015d0       __heap_term                100025d0 f   libcmt:heapinit.obj
 0001:00001610       __FF_MSGBANNER             10002610 f   libcmt:crt0msg.obj
 0001:00001650       __NMSG_WRITE               10002650 f   libcmt:crt0msg.obj
 0001:00001830       __GET_RTERRMSG             10002830 f   libcmt:crt0msg.obj
 0001:00001860       __mtinitlocks              10002860 f   libcmt:mlock.obj
 0001:00001890       __mtdeletelocks            10002890 f   libcmt:mlock.obj
 0001:00001910       __lock                     10002910 f   libcmt:mlock.obj
 0001:00001990       __unlock                   10002990 f   libcmt:mlock.obj
 0001:000019b0       __lock_file                100029b0 f   libcmt:mlock.obj
 0001:000019f0       __lock_file2               100029f0 f   libcmt:mlock.obj
 0001:00001a20       __unlock_file              10002a20 f   libcmt:mlock.obj
 0001:00001a60       __unlock_file2             10002a60 f   libcmt:mlock.obj
 0001:00001a90       __lockerr_exit             10002a90 f   libcmt:mlock.obj
 0001:00001ab0       _calloc                    10002ab0 f   libcmt:calloc.obj
 0001:00001b60       __XcptFilter               10002b60 f   libcmt:winxfltr.obj
 0001:00001db0       _free                      10002db0 f   libcmt:free.obj
 0001:00001e20       _malloc                    10002e20 f   libcmt:malloc.obj
 0001:00001e40       __nh_malloc                10002e40 f   libcmt:malloc.obj
 0001:00001e90       __heap_alloc               10002e90 f   libcmt:malloc.obj
 0001:00001ef0       ___crtLCMapStringW         10002ef0 f   libcmt:aw_map.obj
 0001:00002140       ___crtLCMapStringA         10003140 f   libcmt:aw_map.obj
 0001:000023a0       ___crtGetStringTypeW       100033a0 f   libcmt:aw_str.obj
 0001:00002530       ___crtGetStringTypeA       10003530 f   libcmt:aw_str.obj
 0001:00002670       _wcslen                    10003670 f   libcmt:wcslen.obj
 0001:00002690       __get_sbh_threshold        10003690 f   libcmt:sbheap.obj
 0001:000026a0       __set_sbh_threshold        100036a0 f   libcmt:sbheap.obj
 0001:000026c0       ___sbh_new_region          100036c0 f   libcmt:sbheap.obj
 0001:00002830       ___sbh_release_region      10003830 f   libcmt:sbheap.obj
 0001:00002890       ___sbh_decommit_pages      10003890 f   libcmt:sbheap.obj
 0001:00002960       ___sbh_find_block          10003960 f   libcmt:sbheap.obj
 0001:000029c0       ___sbh_free_block          100039c0 f   libcmt:sbheap.obj
 0001:00002a20       ___sbh_alloc_block         10003a20 f   libcmt:sbheap.obj
 0001:00002c60       ___sbh_alloc_block_from_page 10003c60 f   libcmt:sbheap.obj
 0001:00002de0       ___sbh_resize_block        10003de0 f   libcmt:sbheap.obj
 0001:00002eb0       ___sbh_heap_check          10003eb0 f   libcmt:sbheap.obj
 0001:00003080       ___crtMessageBoxA          10004080 f   libcmt:crtmbox.obj
 0001:00003110       _strncpy                   10004110 f   libcmt:strncpy.obj
 0001:00003210       ___initstdio               10004210 f   libcmt:_file.obj
 0001:000032d0       ___endstdio                100042d0 f   libcmt:_file.obj
 0001:000032f0       ?_set_new_handler@@YAP6AHI@ZP6AHI@Z@Z 100042f0 f   libcmt:handler.obj
 0001:00003320       ?_query_new_handler@@YAP6AHI@ZXZ 10004320 f   libcmt:handler.obj
 0001:00003330       __callnewh                 10004330 f   libcmt:handler.obj
 0001:00003350       _memmove                   10004350 f   libcmt:memmove.obj
 0001:00003690       __fcloseall                10004690 f   libcmt:closeall.obj
 0001:00003730       _fflush                    10004730 f   libcmt:fflush.obj
 0001:00003770       __fflush_lk                10004770 f   libcmt:fflush.obj
 0001:000037b0       __flush                    100047b0 f   libcmt:fflush.obj
 0001:00003820       __flushall                 10004820 f   libcmt:fflush.obj
 0001:000038f0       _fclose                    100048f0 f   libcmt:fclose.obj
 0001:00003930       __fclose_lk                10004930 f   libcmt:fclose.obj
 0001:000039a0       __commit                   100049a0 f   libcmt:commit.obj
 0001:00003a40       __write                    10004a40 f   libcmt:write.obj
 0001:00003ac0       __write_lk                 10004ac0 f   libcmt:write.obj
 0001:00003cd0       __close                    10004cd0 f   libcmt:close.obj
 0001:00003d40       __close_lk                 10004d40 f   libcmt:close.obj
 0001:00003dd0       __freebuf                  10004dd0 f   libcmt:_freebuf.obj
 0001:00003e10       __alloc_osfhnd             10004e10 f   libcmt:osfinfo.obj
 0001:00003f80       __set_osfhnd               10004f80 f   libcmt:osfinfo.obj
 0001:00004030       __free_osfhnd              10005030 f   libcmt:osfinfo.obj
 0001:000040d0       __get_osfhandle            100050d0 f   libcmt:osfinfo.obj
 0001:00004120       __open_osfhandle           10005120 f   libcmt:osfinfo.obj
 0001:000041d0       __lock_fhandle             100051d0 f   libcmt:osfinfo.obj
 0001:00004240       __unlock_fhandle           10005240 f   libcmt:osfinfo.obj
 0001:00004270       __dosmaperr                10005270 f   libcmt:dosmap.obj
 0001:000042f0       __errno                    100052f0 f   libcmt:dosmap.obj
 0001:00004300       ___doserrno                10005300 f   libcmt:dosmap.obj
 0001:00004310       __lseek                    10005310 f   libcmt:lseek.obj
 0001:00004390       __lseek_lk                 10005390 f   libcmt:lseek.obj
 0001:00004410       _ThunkConnect32@24         10005410     thunk32:KERNEL32.dll
 0001:00004416       _GetCommandLineA@0         10005416 f   kernel32:KERNEL32.dll
 0001:0000441c       _GetVersion@0              1000541c f   kernel32:KERNEL32.dll
 0001:00004422       _ExitProcess@4             10005422 f   kernel32:KERNEL32.dll
 0001:00004428       _TerminateProcess@8        10005428 f   kernel32:KERNEL32.dll
 0001:0000442e       _GetCurrentProcess@0       1000542e f   kernel32:KERNEL32.dll
 0001:00004434       _GetCurrentThreadId@0      10005434 f   kernel32:KERNEL32.dll
 0001:0000443a       _TlsSetValue@8             1000543a f   kernel32:KERNEL32.dll
 0001:00004440       _TlsAlloc@0                10005440 f   kernel32:KERNEL32.dll
 0001:00004446       _TlsFree@4                 10005446 f   kernel32:KERNEL32.dll
 0001:0000444c       _SetLastError@4            1000544c f   kernel32:KERNEL32.dll
 0001:00004452       _TlsGetValue@4             10005452 f   kernel32:KERNEL32.dll
 0001:00004458       _GetLastError@0            10005458 f   kernel32:KERNEL32.dll
 0001:0000445e       _GetCurrentThread@0        1000545e f   kernel32:KERNEL32.dll
 0001:00004464       _SetHandleCount@4          10005464 f   kernel32:KERNEL32.dll
 0001:0000446a       _GetStdHandle@4            1000546a f   kernel32:KERNEL32.dll
 0001:00004470       _GetFileType@4             10005470 f   kernel32:KERNEL32.dll
 0001:00004476       _GetStartupInfoA@4         10005476 f   kernel32:KERNEL32.dll
 0001:0000447c       _DeleteCriticalSection@4   1000547c f   kernel32:KERNEL32.dll
 0001:00004482       _GetModuleFileNameA@12     10005482 f   kernel32:KERNEL32.dll
 0001:00004488       _GetCPInfo@8               10005488 f   kernel32:KERNEL32.dll
 0001:0000448e       _GetACP@0                  1000548e f   kernel32:KERNEL32.dll
 0001:00004494       _GetOEMCP@0                10005494 f   kernel32:KERNEL32.dll
 0001:0000449a       _FreeEnvironmentStringsA@4 1000549a f   kernel32:KERNEL32.dll
 0001:000044a0       _MultiByteToWideChar@24    100054a0 f   kernel32:KERNEL32.dll
 0001:000044a6       _FreeEnvironmentStringsW@4 100054a6 f   kernel32:KERNEL32.dll
 0001:000044ac       _GetEnvironmentStrings@0   100054ac f   kernel32:KERNEL32.dll
 0001:000044b2       _GetEnvironmentStringsW@0  100054b2 f   kernel32:KERNEL32.dll
 0001:000044b8       _WideCharToMultiByte@32    100054b8 f   kernel32:KERNEL32.dll
 0001:000044be       _HeapDestroy@4             100054be f   kernel32:KERNEL32.dll
 0001:000044c4       _HeapCreate@12             100054c4 f   kernel32:KERNEL32.dll
 0001:000044ca       _VirtualFree@12            100054ca f   kernel32:KERNEL32.dll
 0001:000044d0       _WriteFile@20              100054d0 f   kernel32:KERNEL32.dll
 0001:000044d6       _InitializeCriticalSection@4 100054d6 f   kernel32:KERNEL32.dll
 0001:000044dc       _EnterCriticalSection@4    100054dc f   kernel32:KERNEL32.dll
 0001:000044e2       _LeaveCriticalSection@4    100054e2 f   kernel32:KERNEL32.dll
 0001:000044e8       _FatalAppExitA@8           100054e8 f   kernel32:KERNEL32.dll
 0001:000044ee       _HeapAlloc@12              100054ee f   kernel32:KERNEL32.dll
 0001:000044f4       _UnhandledExceptionFilter@4 100054f4 f   kernel32:KERNEL32.dll
 0001:000044fa       _HeapFree@12               100054fa f   kernel32:KERNEL32.dll
 0001:00004500       _LCMapStringA@24           10005500 f   kernel32:KERNEL32.dll
 0001:00004506       _LCMapStringW@24           10005506 f   kernel32:KERNEL32.dll
 0001:0000450c       _GetStringTypeA@20         1000550c f   kernel32:KERNEL32.dll
 0001:00004512       _GetStringTypeW@16         10005512 f   kernel32:KERNEL32.dll
 0001:00004518       _VirtualAlloc@16           10005518 f   kernel32:KERNEL32.dll
 0001:0000451e       _GetProcAddress@8          1000551e f   kernel32:KERNEL32.dll
 0001:00004524       _LoadLibraryA@4            10005524 f   kernel32:KERNEL32.dll
 0001:0000452a       _FlushFileBuffers@4        1000552a f   kernel32:KERNEL32.dll
 0001:00004530       _CloseHandle@4             10005530 f   kernel32:KERNEL32.dll
 0001:00004536       _SetStdHandle@8            10005536 f   kernel32:KERNEL32.dll
 0001:0000453c       _SetFilePointer@16         1000553c f   kernel32:KERNEL32.dll
 0002:00000054       ??_C@_0P@GGKG@runtime?5error?5?$AA@ 10008054     libcmt:crt0msg.obj
 0002:00000064       ??_C@_02PIMC@?$AN?6?$AA@   10008064     libcmt:crt0msg.obj
 0002:00000068       ??_C@_0O@DELO@TLOSS?5error?$AN?6?$AA@ 10008068     libcmt:crt0msg.obj
 0002:00000078       ??_C@_0N@OMLL@SING?5error?$AN?6?$AA@ 10008078     libcmt:crt0msg.obj
 0002:00000088       ??_C@_0P@OJAK@DOMAIN?5error?$AN?6?$AA@ 10008088     libcmt:crt0msg.obj
 0002:00000098       ??_C@_0CF@EANP@R6028?$AN?6?9?5unable?5to?5initialize?5he@ 10008098     libcmt:crt0msg.obj
 0002:000000c0       ??_C@_0DF@ECGN@R6027?$AN?6?9?5not?5enough?5space?5for?5lo@ 100080c0     libcmt:crt0msg.obj
 0002:000000f8       ??_C@_0DF@FKAC@R6026?$AN?6?9?5not?5enough?5space?5for?5st@ 100080f8     libcmt:crt0msg.obj
 0002:00000130       ??_C@_0CG@DPMN@R6025?$AN?6?9?5pure?5virtual?5function?5c@ 10008130     libcmt:crt0msg.obj
 0002:00000158       ??_C@_0DF@CKIP@R6024?$AN?6?9?5not?5enough?5space?5for?5_o@ 10008158     libcmt:crt0msg.obj
 0002:00000190       ??_C@_0CJ@GGOE@R6019?$AN?6?9?5unable?5to?5open?5console?5@ 10008190     libcmt:crt0msg.obj
 0002:000001bc       ??_C@_0CB@LBOB@R6018?$AN?6?9?5unexpected?5heap?5error?$AN?6@ 100081bc     libcmt:crt0msg.obj
 0002:000001e0       ??_C@_0CN@FPEG@R6017?$AN?6?9?5unexpected?5multithread?5@ 100081e0     libcmt:crt0msg.obj
 0002:00000210       ??_C@_0CM@OBIC@R6016?$AN?6?9?5not?5enough?5space?5for?5th@ 10008210     libcmt:crt0msg.obj
 0002:0000023c       ??_C@_0CB@HPAL@?$AN?6abnormal?5program?5termination?$AN?6@ 1000823c     libcmt:crt0msg.obj
 0002:00000260       ??_C@_0CM@JOOB@R6009?$AN?6?9?5not?5enough?5space?5for?5en@ 10008260     libcmt:crt0msg.obj
 0002:0000028c       ??_C@_0CK@OIBL@R6008?$AN?6?9?5not?5enough?5space?5for?5ar@ 1000828c     libcmt:crt0msg.obj
 0002:000002b8       ??_C@_0CF@LKPB@R6002?$AN?6?9?5floating?5point?5not?5load@ 100082b8     libcmt:crt0msg.obj
 0002:000002e0       ??_C@_0CF@JPDF@Microsoft?5Visual?5C?$CL?$CL?5Runtime?5Lib@ 100082e0     libcmt:crt0msg.obj
 0002:00000308       ??_C@_02JJJH@?6?6?$AA@     10008308     libcmt:crt0msg.obj
 0002:0000030c       ??_C@_0BK@DEOK@Runtime?5Error?$CB?6?6Program?3?5?$AA@ 1000830c     libcmt:crt0msg.obj
 0002:00000328       ??_C@_03NAME@?4?4?4?$AA@   10008328     libcmt:crt0msg.obj
 0002:0000032c       ??_C@_0BH@NNCD@?$DMprogram?5name?5unknown?$DO?$AA@ 1000832c     libcmt:crt0msg.obj
 0002:00000344       ??_C@_01A@?$AA?$AA@        10008344     libcmt:aw_map.obj
 0002:00000348       ??_C@_13A@?$AA?$AA?$AA?$AA@ 10008348     libcmt:aw_map.obj
 0002:0000034c       ??_C@_0BD@NJFP@GetLastActivePopup?$AA@ 1000834c     libcmt:crtmbox.obj
 0002:00000360       ??_C@_0BA@GILI@GetActiveWindow?$AA@ 10008360     libcmt:crtmbox.obj
 0002:00000370       ??_C@_0M@PKCK@MessageBoxA?$AA@ 10008370     libcmt:crtmbox.obj
 0002:0000037c       ??_C@_0L@HKL@user32?4dll?$AA@ 1000837c     libcmt:crtmbox.obj
 0003:00000000       ___xc_a                    10009000     libcmt:crt0init.obj
 0003:00000104       ___xc_z                    10009104     libcmt:crt0init.obj
 0003:00000208       ___xi_a                    10009208     libcmt:crt0init.obj
 0003:00000410       ___xi_z                    10009410     libcmt:crt0init.obj
 0003:00000514       ___xp_a                    10009514     libcmt:crt0init.obj
 0003:0000071c       ___xp_z                    1000971c     libcmt:crt0init.obj
 0003:00000820       ___xt_a                    10009820     libcmt:crt0init.obj
 0003:00000924       ___xt_z                    10009924     libcmt:crt0init.obj
 0003:00000a4c       _thk_ThunkData32           10009a4c     32thk.obj
 0003:00000ac4       __aexit_rtn                10009ac4     libcmt:dllcrt0.obj
 0003:00000ac8       ___tlsindex                10009ac8     libcmt:tidtable.obj
 0003:00000ad0       ___badioinfo               10009ad0     libcmt:ioinit.obj
 0003:00000bf0       __amblksiz                 10009bf0     libcmt:heapinit.obj
 0003:00000c88       __locktable                10009c88     libcmt:mlock.obj
 0003:00000d48       __XcptActTab               10009d48     libcmt:winxfltr.obj
 0003:00000dc0       __First_FPE_Indx           10009dc0     libcmt:winxfltr.obj
 0003:00000dc4       __Num_FPE                  10009dc4     libcmt:winxfltr.obj
 0003:00000dc8       __XcptActTabSize           10009dc8     libcmt:winxfltr.obj
 0003:00000dcc       __XcptActTabCount          10009dcc     libcmt:winxfltr.obj
 0003:00000dd0       ___small_block_heap        10009dd0     libcmt:sbheap.obj
 0003:00002df4       ___sbh_threshold           1000bdf4     libcmt:sbheap.obj
 0003:00002e00       __iob                      1000be00     libcmt:_file.obj
 0003:00003ac4       __aenvptr                  1000cac4     libcmt:dllcrt0.obj
 0003:00003ac8       __wenvptr                  1000cac8     libcmt:dllcrt0.obj
 0003:00003acc       ___error_mode              1000cacc     libcmt:dllcrt0.obj
 0003:00003ad0       ___app_type                1000cad0     libcmt:dllcrt0.obj
 0003:00003ad4       __umaskval                 1000cad4     libcmt:crt0dat.obj
 0003:00003ad8       __osver                    1000cad8     libcmt:crt0dat.obj
 0003:00003adc       __winver                   1000cadc     libcmt:crt0dat.obj
 0003:00003ae0       __winmajor                 1000cae0     libcmt:crt0dat.obj
 0003:00003ae4       __winminor                 1000cae4     libcmt:crt0dat.obj
 0003:00003ae8       ___argc                    1000cae8     libcmt:crt0dat.obj
 0003:00003aec       ___argv                    1000caec     libcmt:crt0dat.obj
 0003:00003af0       ___wargv                   1000caf0     libcmt:crt0dat.obj
 0003:00003af4       __environ                  1000caf4     libcmt:crt0dat.obj
 0003:00003af8       ___initenv                 1000caf8     libcmt:crt0dat.obj
 0003:00003afc       __wenviron                 1000cafc     libcmt:crt0dat.obj
 0003:00003b00       ___winitenv                1000cb00     libcmt:crt0dat.obj
 0003:00003b04       __pgmptr                   1000cb04     libcmt:crt0dat.obj
 0003:00003b08       __wpgmptr                  1000cb08     libcmt:crt0dat.obj
 0003:00003b0c       __exitflag                 1000cb0c     libcmt:crt0dat.obj
 0003:00003b10       __C_Termination_Done       1000cb10     libcmt:crt0dat.obj
 0003:00003b14       __C_Exit_Done              1000cb14     libcmt:crt0dat.obj
 0003:00003c20       __mbctype                  1000cc20     libcmt:mbctype.obj
 0003:00003d28       __mbcasemap                1000cd28     libcmt:mbctype.obj
 0003:00003e28       ___mbcodepage              1000ce28     libcmt:mbctype.obj
 0003:00003e2c       ___mblcid                  1000ce2c     libcmt:mbctype.obj
 0003:00003e30       ___mbulinfo                1000ce30     libcmt:mbctype.obj
 0003:00003e48       __adbgmsg                  1000ce48     libcmt:crt0msg.obj
 0003:00003eb0       ___lc_handle               1000ceb0     libcmt:nlsdata2.obj
 0003:00003ec8       ___lc_codepage             1000cec8     libcmt:nlsdata2.obj
 0003:00003eec       __cflush                   1000ceec     libcmt:_file.obj
 0003:00003ef0       ?_pnhHeap@@3P6AHI@ZA       1000cef0     libcmt:handler.obj
 0003:00003ef4       __newmode                  1000cef4     libcmt:_newmode.obj
 0003:00003ef8       ___piob                    1000cef8     <common>
 0003:00004240       __bufin                    1000d240     <common>
 0003:00005240       __nstream                  1000e240     <common>
 0003:00005244       __crtheap                  1000e244     <common>
 0003:00005250       ___ismbcodepage            1000e250     <common>
 0003:00005260       ___pioinfo                 1000e260     <common>
 0003:0000539c       __nhandle                  1000e39c     <common>
 0003:000053a0       ___onexitend               1000e3a0     <common>
 0003:000053b0       ___onexitbegin             1000e3b0     <common>
 0003:000053b4       __FPinit                   1000e3b4     <common>
 0003:000053b8       __acmdln                   1000e3b8     <common>
 0003:000053c8       __pRawDllMain              1000e3c8     <common>
 0004:00000000       KERNEL32_IMPORT_DESCRIPTOR 1000f000     thunk32:KERNEL32.dll
 0004:00000014       __IMPORT_DESCRIPTOR_KERNEL32 1000f014     kernel32:KERNEL32.dll
 0004:00000028       NULL_IMPORT_DESCRIPTOR     1000f028     thunk32:KERNEL32.dll
 0004:0000003c       __NULL_IMPORT_DESCRIPTOR   1000f03c     kernel32:KERNEL32.dll
 0004:00000170       __imp__FreeEnvironmentStringsW@4 1000f170     kernel32:KERNEL32.dll
 0004:00000174       __imp__GetCommandLineA@0   1000f174     kernel32:KERNEL32.dll
 0004:00000178       __imp__GetVersion@0        1000f178     kernel32:KERNEL32.dll
 0004:0000017c       __imp__ExitProcess@4       1000f17c     kernel32:KERNEL32.dll
 0004:00000180       __imp__TerminateProcess@8  1000f180     kernel32:KERNEL32.dll
 0004:00000184       __imp__GetCurrentProcess@0 1000f184     kernel32:KERNEL32.dll
 0004:00000188       __imp__GetCurrentThreadId@0 1000f188     kernel32:KERNEL32.dll
 0004:0000018c       __imp__TlsSetValue@8       1000f18c     kernel32:KERNEL32.dll
 0004:00000190       __imp__TlsAlloc@0          1000f190     kernel32:KERNEL32.dll
 0004:00000194       __imp__TlsFree@4           1000f194     kernel32:KERNEL32.dll
 0004:00000198       __imp__SetLastError@4      1000f198     kernel32:KERNEL32.dll
 0004:0000019c       __imp__TlsGetValue@4       1000f19c     kernel32:KERNEL32.dll
 0004:000001a0       __imp__GetLastError@0      1000f1a0     kernel32:KERNEL32.dll
 0004:000001a4       __imp__GetCurrentThread@0  1000f1a4     kernel32:KERNEL32.dll
 0004:000001a8       __imp__SetHandleCount@4    1000f1a8     kernel32:KERNEL32.dll
 0004:000001ac       __imp__GetStdHandle@4      1000f1ac     kernel32:KERNEL32.dll
 0004:000001b0       __imp__GetFileType@4       1000f1b0     kernel32:KERNEL32.dll
 0004:000001b4       __imp__GetStartupInfoA@4   1000f1b4     kernel32:KERNEL32.dll
 0004:000001b8       __imp__DeleteCriticalSection@4 1000f1b8     kernel32:KERNEL32.dll
 0004:000001bc       __imp__GetModuleFileNameA@12 1000f1bc     kernel32:KERNEL32.dll
 0004:000001c0       __imp__GetCPInfo@8         1000f1c0     kernel32:KERNEL32.dll
 0004:000001c4       __imp__GetACP@0            1000f1c4     kernel32:KERNEL32.dll
 0004:000001c8       __imp__GetOEMCP@0          1000f1c8     kernel32:KERNEL32.dll
 0004:000001cc       __imp__FreeEnvironmentStringsA@4 1000f1cc     kernel32:KERNEL32.dll
 0004:000001d0       __imp__MultiByteToWideChar@24 1000f1d0     kernel32:KERNEL32.dll
 0004:000001d4       __imp__ThunkConnect32@24   1000f1d4     thunk32:KERNEL32.dll
 0004:000001d8       __imp__GetEnvironmentStrings@0 1000f1d8     kernel32:KERNEL32.dll
 0004:000001dc       __imp__GetEnvironmentStringsW@0 1000f1dc     kernel32:KERNEL32.dll
 0004:000001e0       __imp__WideCharToMultiByte@32 1000f1e0     kernel32:KERNEL32.dll
 0004:000001e4       __imp__HeapDestroy@4       1000f1e4     kernel32:KERNEL32.dll
 0004:000001e8       __imp__HeapCreate@12       1000f1e8     kernel32:KERNEL32.dll
 0004:000001ec       __imp__VirtualFree@12      1000f1ec     kernel32:KERNEL32.dll
 0004:000001f0       __imp__WriteFile@20        1000f1f0     kernel32:KERNEL32.dll
 0004:000001f4       __imp__InitializeCriticalSection@4 1000f1f4     kernel32:KERNEL32.dll
 0004:000001f8       __imp__EnterCriticalSection@4 1000f1f8     kernel32:KERNEL32.dll
 0004:000001fc       __imp__LeaveCriticalSection@4 1000f1fc     kernel32:KERNEL32.dll
 0004:00000200       __imp__FatalAppExitA@8     1000f200     kernel32:KERNEL32.dll
 0004:00000204       __imp__HeapAlloc@12        1000f204     kernel32:KERNEL32.dll
 0004:00000208       __imp__UnhandledExceptionFilter@4 1000f208     kernel32:KERNEL32.dll
 0004:0000020c       __imp__HeapFree@12         1000f20c     kernel32:KERNEL32.dll
 0004:00000210       __imp__LCMapStringA@24     1000f210     kernel32:KERNEL32.dll
 0004:00000214       __imp__LCMapStringW@24     1000f214     kernel32:KERNEL32.dll
 0004:00000218       __imp__GetStringTypeA@20   1000f218     kernel32:KERNEL32.dll
 0004:0000021c       __imp__GetStringTypeW@16   1000f21c     kernel32:KERNEL32.dll
 0004:00000220       __imp__VirtualAlloc@16     1000f220     kernel32:KERNEL32.dll
 0004:00000224       __imp__GetProcAddress@8    1000f224     kernel32:KERNEL32.dll
 0004:00000228       __imp__LoadLibraryA@4      1000f228     kernel32:KERNEL32.dll
 0004:0000022c       __imp__FlushFileBuffers@4  1000f22c     kernel32:KERNEL32.dll
 0004:00000230       __imp__CloseHandle@4       1000f230     kernel32:KERNEL32.dll
 0004:00000234       __imp__SetStdHandle@8      1000f234     kernel32:KERNEL32.dll
 0004:00000238       __imp__SetFilePointer@16   1000f238     kernel32:KERNEL32.dll
 0004:0000023c       \177KERNEL32_NULL_THUNK_DATA 1000f23c     thunk32:KERNEL32.dll

 entry point at        0001:00000270

